{
  "version": "1.0",
  "project": {
    "id": "11111111-1111-4111-8111-111111111111",
    "name": "Checkout",
    "slug": "checkout",
    "description": "Checkout funnel experiments"
  },
  "flags": [
    {
      "key": "dark-mode",
      "name": "Dark mode",
      "description": "Enable dark theme in admin",
      "type": "boolean",
      "default_value": "false",
      "tags": [
        "ui",
        "theme"
      ],
      "updated_at": "2026-04-14T10:00:00Z"
    },
    {
      "key": "checkout-v2",
      "name": "Checkout v2",
      "type": "string",
      "default_value": "\"legacy\"",
      "updated_at": "2026-04-15T12:00:00Z"
    }
  ],
  "rules": [
    {
      "flag_key": "checkout-v2",
      "environment": "production",
      "name": "Beta cohort",
      "priority": 10,
      "enabled": true,
      "conditions": "[{\"attr\":\"user.plan\",\"op\":\"eq\",\"val\":\"beta\"}]",
      "value": "\"v2\""
    }
  ],
  "product_cards": [
    {
      "flag_key": "checkout-v2",
      "hypothesis": "New funnel lifts conversion by 8%",
      "success_metrics": "conversion_rate, AOV",
      "go_no_go": "Ship if conversion_rate \u003e 1.05x baseline at p95",
      "status": "in_progress"
    }
  ],
  "recent_audit": [
    {
      "action": "flag.toggle",
      "entity_type": "flag",
      "entity_id": "22222222-2222-4222-8222-222222222222",
      "actor_name": "Gabriel Gripp",
      "created_at": "2026-04-16T09:30:00Z"
    }
  ],
  "role": "product"
}